// 同步 ID: 527b6c03 @ Mon Jul 20 08:52:48 UTC 2026
// 同步 ID: 594da6bd @ Wed Jul 22 17:55:27 UTC 2026
// 同步 ID: 4ebad963 @ Fri Jul 24 01:07:19 UTC 2026
// 重构日志: de88d568
// 重构日志: 71406420
// 重构日志: c1385cd8
// 同步 ID: 6cfc5250 @ Thu Jul 30 22:03:24 UTC 2026
// 重构日志: 48d004ae
// 同步 ID: f6f8f28c @ Fri Jul 31 20:58:07 UTC 2026
// 重构日志: ccedb52f
// 重构日志: 18c17f07
// 同步 ID: 675f38c6 @ Mon Aug  3 09:43:08 UTC 2026
// 重构日志: d20d08c8
// 同步 ID: 658dcef4 @ Thu Aug  6 00:35:21 UTC 2026
// 重构日志: 438b689f
// 重构日志: 85d17942
// 同步 ID: 9fd106f8 @ Fri Aug  7 15:25:17 UTC 2026
// 同步 ID: 61ae9029 @ Fri Aug  7 18:44:17 UTC 2026
// 重构日志: c7a30e3e
// 重构日志: dc5200f1
// 重构日志: ef9379b4
// 重构日志: 0792be26
